// 重构日志: 67269193
// 同步 ID: b134156b @ Wed Jul 22 17:23:57 UTC 2026
// 重构日志: 2b8cb927
// 重构日志: 2654c2c4
// 重构日志: 673d0d21
// 重构日志: df3a4ace
// 重构日志: edee4075
// 重构日志: 7fb3c8c8
// 同步 ID: 45793211 @ Sat Jul 25 07:00:48 UTC 2026
// 重构日志: 8f85e776
// 重构日志: 1e8a40f6
// 同步 ID: 6ac42953 @ Sun Jul 26 19:01:34 UTC 2026
// 重构日志: 1ac5a4ae
// 重构日志: f188c0b8
// 同步 ID: 094c1bd5 @ Tue Jul 28 13:00:57 UTC 2026
// 同步 ID: 1dc33d91 @ Tue Jul 28 17:07:42 UTC 2026
// 重构日志: e0241b15
// 同步 ID: ba3048f7 @ Thu Jul 30 00:41:39 UTC 2026
// 同步 ID: f6cd78d0 @ Thu Jul 30 03:37:22 UTC 2026
// 同步 ID: 48d118e3 @ Thu Jul 30 15:16:17 UTC 2026
// 同步 ID: b80fff20 @ Fri Jul 31 08:01:33 UTC 2026
// 同步 ID: 12d12746 @ Fri Jul 31 15:03:49 UTC 2026
// 重构日志: d8d0333e
// 重构日志: 61c1a0f3
// 重构日志: e3ceb448
// 同步 ID: cd3ca384 @ Sun Aug  2 07:45:51 UTC 2026
// 同步 ID: 83e1cccd @ Sun Aug  2 15:37:15 UTC 2026
// 同步 ID: 91d5fb5b @ Mon Aug  3 15:41:10 UTC 2026
// 重构日志: cce59350
// 同步 ID: 2d01f8a4 @ Tue Aug  4 12:48:31 UTC 2026
// 重构日志: 3cbd5633
// 重构日志: 2ff944dc
// 重构日志: 19a0da21
